module foo

export function w $foo(w %m, w %n) {
@19:
  jmp @0(%m, %n)
@0(%0, %1):
  %2 = eq.w %0, 0x0_w ; @20
  br %2, @1, @2
@1:
  %7 = add.w %1, 0x1_w ; @25
  ret %7
@2:
  %3 = eq.w %1, 0x0_w ; @21
  br %3, @8, @6
@8:
  %4 = sub.w %0, 0x1_w ; @22
  jmp @0(%4, 0x1_w)
@6:
  %5 = sub.w %1, 0x1_w ; @23
  %r.1 = call.w $foo(%0, %5) ; @16
  %6 = sub.w %0, 0x1_w ; @24
  jmp @0(%6, %r.1)
}
