module foo

export function w $foo(w %m, w %n) {
@20:
  jmp @0(%m, %n)
@0(%1, %2):
  %3 = eq.w %1, 0x0_w ; @21
  br %3, @1, @2
@1:
  %8 = add.w %2, 0x1_w ; @26
  ret %8
@2:
  %4 = eq.w %2, 0x0_w ; @22
  br %4, @8, @6
@8:
  %5 = sub.w %1, 0x1_w ; @23
  jmp @0(%5, 0x1_w)
@6:
  %6 = sub.w %2, 0x1_w ; @24
  %r.1 = call.w $foo(%1, %6) ; @16
  %7 = sub.w %1, 0x1_w ; @25
  jmp @0(%7, %r.1)
}
