module foo

export function w $foo(w %m, w %n) {
@22:
  jmp @2(%m, %n)
@2(%1, %2):
  %3 = eq.w %1, 0x0_w ; @23
  br %3, @3, @4
@3:
  %8 = add.w %2, 0x1_w ; @28
  ret %8
@4:
  %4 = eq.w %2, 0x0_w ; @24
  br %4, @10, @8
@10:
  %5 = sub.w %1, 0x1_w ; @25
  jmp @2(%5, 0x1_w)
@8:
  %6 = sub.w %2, 0x1_w ; @26
  %r.1 = call.w $foo(%1, %6) ; @18
  %7 = sub.w %1, 0x1_w ; @27
  jmp @2(%7, %r.1)
}
