module foo

export function w $foo(w %x) {
@19:
  %0 = add.w %x, 0x1_w ; @22
  jmp @2(0x0_w, 0x0_w)
@2(%z.2, %i.2):
  %1 = lt.w %i.2, 0xa_w ; @23
  br %1, @5(%z.2, 0x0_w), @0
@5(%z.3, %j.2):
  %2 = lt.w %j.2, 0xa_w ; @24
  br %2, @8(%z.3, 0x0_w), @1
@8(%z.4, %k.2):
  %3 = lt.w %k.2, 0xa_w ; @25
  br %3, @7, @4
@7:
  %5 = add.w %z.4, %0 ; @27
  %4 = add.w %k.2, 0x1_w ; @26
  jmp @8(%5, %4)
@4:
  %6 = add.w %j.2, 0x1_w ; @28
  jmp @5(%z.4, %6)
@1:
  %7 = add.w %i.2, 0x1_w ; @29
  jmp @2(%z.3, %7)
@0:
  ret %z.2
}
