module foo

export function w $foo(w %p1, w %p2, w %p3) {
@2:
  jmp @3(0x0_w, %p1)
@3(%n.2, %i.2):
  %0 = sub.w %i.2, 0x1_w ; @20
  %2 = add.w %n.2, 0x1_w ; @22
  %1 = ne.w %0, 0x0_w ; @21
  br %1, @3(%2, %0), @6
@6:
  %3 = add.w %p2, %p3 ; @23
  jmp @11(0x0_w, %p1)
@11(%n.5, %i.5):
  %4 = sub.w %i.5, 0x1_w ; @24
  %6 = add.w %n.5, 0x1_w ; @26
  %7 = add.w %6, %3 ; @27
  %5 = ne.w %4, 0x0_w ; @25
  br %5, @11(%7, %4), @14
@14:
  %8 = add.w %3, %7 ; @28
  ret %8
}
