module foo

export function w $foo(w %n) {
@24:
  %0 = le.w %n, 0x1_w ; @26
  br %0, @4, @22
@4:
  ret 0x0_w
@22:
  %1 = le.w %n, 0x3_w ; @27
  br %1, @11, @19
@11:
  ret 0x1_w
@19:
  %3 = and.w %n, 0x1_w ; @29
  %2 = eq.w %3, 0x0_w ; @28
  br %2, @11, @16
@16:
  %8 = umulh.w %n, 0x55555556_w ; @34
  %7 = lsl.w %8, 0x1_w ; @33
  %6 = add.w %7, %8 ; @32
  %5 = sub.w %n, %6 ; @31
  %4 = eq.w %5, 0x0_w ; @30
  br %4, @11, @1(0x5_w)
@1(%i.2):
  %10 = mul.w %i.2, %i.2 ; @36
  %9 = le.w %10, %n ; @35
  br %9, @8, @11
@8:
  %r.3 = urem.w %n, %i.2 ; @10
  %11 = eq.w %r.3, 0x0_w ; @37
  br %11, @4, @3
@3:
  %12 = add.w %i.2, 0x2_w ; @38
  %r.4 = urem.w %n, %12 ; @6
  %13 = eq.w %r.4, 0x0_w ; @39
  br %13, @4, @0
@0:
  %14 = add.w %i.2, 0x6_w ; @40
  jmp @1(%14)
}
