module foo

export function w $foo(w %n) {
@2:
  %1 = le.w %n, 0x1_w ; @29
  br %1, @28(0x0_w), @4
@4:
  %2 = le.w %n, 0x3_w ; @30
  br %2, @28(0x1_w), @7
@7:
  %3 = and.w %n, 0x1_w ; @31
  %4 = eq.w %3, 0x0_w ; @32
  br %4, @28(0x1_w), @9
@9:
  %5 = umulh.w %n, 0x55555556_w ; @33
  %6 = lsl.w %5, 0x1_w ; @34
  %7 = add.w %6, %5 ; @35
  %8 = sub.w %n, %7 ; @36
  %9 = eq.w %8, 0x0_w ; @37
  br %9, @28(0x1_w), @15(0x5_w)
@15(%i.2):
  %10 = mul.w %i.2, %i.2 ; @38
  %11 = le.w %10, %n ; @39
  br %11, @17, @28(0x1_w)
@17:
  %r.3 = urem.w %n, %i.2 ; @21
  %12 = eq.w %r.3, 0x0_w ; @40
  br %12, @28(0x0_w), @20
@20:
  %13 = add.w %i.2, 0x2_w ; @41
  %r.4 = urem.w %n, %13 ; @25
  %14 = eq.w %r.4, 0x0_w ; @42
  br %14, @28(0x0_w), @23
@23:
  %15 = add.w %i.2, 0x6_w ; @43
  jmp @15(%15)
@28(%0):
  ret %0
}
