module foo

export function w $foo(w %n) {
@0:
  %1 = le.w %n, 0x1_w ; @27
  br %1, @26(0x0_w), @2
@2:
  %2 = le.w %n, 0x3_w ; @28
  br %2, @26(0x1_w), @5
@5:
  %3 = and.w %n, 0x1_w ; @29
  %4 = eq.w %3, 0x0_w ; @30
  br %4, @26(0x1_w), @7
@7:
  %5 = umulh.w %n, 0x55555556_w ; @31
  %6 = lsl.w %5, 0x1_w ; @32
  %7 = add.w %6, %5 ; @33
  %8 = sub.w %n, %7 ; @34
  %9 = eq.w %8, 0x0_w ; @35
  br %9, @26(0x1_w), @13(0x5_w)
@13(%i.2):
  %10 = mul.w %i.2, %i.2 ; @36
  %11 = le.w %10, %n ; @37
  br %11, @15, @26(0x1_w)
@15:
  %r.3 = urem.w %n, %i.2 ; @19
  %12 = eq.w %r.3, 0x0_w ; @38
  br %12, @26(0x0_w), @18
@18:
  %13 = add.w %i.2, 0x2_w ; @39
  %r.4 = urem.w %n, %13 ; @23
  %14 = eq.w %r.4, 0x0_w ; @40
  br %14, @26(0x0_w), @21
@21:
  %15 = add.w %i.2, 0x6_w ; @41
  jmp @13(%15)
@26(%0):
  ret %0
}
