module foo

export function sw $foo(l %s1, l %s2) {
@0:
  jmp @1(%s2, %s1)
@1(%s2.1, %s1.1):
  %c1.1 = ld.b %s1.1 ; @3
  %c2.1 = ld.b %s2.1 ; @4
  %0 = ne.b %c1.1, 0x0_b ; @16
  br %0, @5, @6
@5:
  %3 = eq.b %c1.1, %c2.1 ; @19
  br %3, @8, @6
@8:
  %5 = add.l %s1.1, 0x1_l ; @21
  %4 = add.l %s2.1, 0x1_l ; @20
  jmp @1(%4, %5)
@6:
  %2 = sub.b %c1.1, %c2.1 ; @18
  %1 = sext.w %2 ; @17
  ret %1
}
