module foo

export function sw $foo(l %s1, l %s2) {
@15:
  jmp @6(%s2, %s1)
@6(%s2.1, %s1.1):
  %c1.1 = ld.b %s1.1 ; @14
  %c2.1 = ld.b %s2.1 ; @13
  %0 = ne.b %c1.1, 0x0_b ; @16
  br %0, @9, @0
@9:
  %1 = eq.b %c1.1, %c2.1 ; @17
  br %1, @5, @0
@5:
  %2 = add.l %s1.1, 0x1_l ; @18
  %3 = add.l %s2.1, 0x1_l ; @19
  jmp @6(%3, %2)
@0:
  %5 = sub.b %c1.1, %c2.1 ; @21
  %4 = sext.w %5 ; @20
  ret %4
}
