module foo

export function sw $foo(l %arr, w %num) {
@0:
  jmp @1(0x0_w, 0x0_w)
@1(%s.2, %i.2):
  %0 = lt.w %i.2, %num ; @13
  br %0, @4, @5
@4:
  %1 = zext.l %i.2 ; @14
  %2 = lsl.l %1, 0x2_l ; @15
  %3 = add.l %2, %arr ; @16
  %w.1 = ld.w %3 ; @10
  %4 = add.w %w.1, %s.2 ; @17
  %5 = add.w %i.2, 0x1_w ; @18
  jmp @1(%4, %5)
@5:
  ret %s.2
}
