module foo

export function sw $foo(l %arr, w %num) {
@10:
  jmp @2(0x0_w, 0x0_w)
@2(%s.2, %i.2):
  %0 = lt.w %i.2, %num ; @13
  br %0, @1, @0
@1:
  %3 = zext.l %i.2 ; @16
  %2 = lsl.l %3, 0x2_l ; @15
  %1 = add.l %2, %arr ; @14
  %w.1 = ld.w %1 ; @5
  %5 = add.w %w.1, %s.2 ; @18
  %4 = add.w %i.2, 0x1_w ; @17
  jmp @2(%5, %4)
@0:
  ret %s.2
}
